Archive member included because of file (symbol)

../../static_lib/libefuse.verify.a(verifymain.o)
                              start.o (verifymain)
../../static_lib/libefuse.verify.a(cache_v7.o)
                              ../../static_lib/libefuse.verify.a(verifymain.o) (flush_cache)
../../static_lib/libefuse.verify.a(mcp.o)
                              ../../static_lib/libefuse.verify.a(verifymain.o) (swap_endian)
../../static_lib/libefuse.verify.a(timer.o)
                              ../../static_lib/libefuse.verify.a(mcp.o) (mdelay)
../../static_lib/libefuse.verify.a(util.o)
                              ../../static_lib/libefuse.verify.a(verifymain.o) (sync)
../../static_lib/libefuse.verify.a(efuse.o)
                              ../../static_lib/libefuse.verify.a(mcp.o) (OTP_Get_Word)

Discarded input sections

 .note.GNU-stack
                0x00000000        0x0 strlen.o
 .note.GNU-stack
                0x00000000        0x0 strstr.o
 .note.GNU-stack
                0x00000000        0x0 strtoul.o
 .note.GNU-stack
                0x00000000        0x0 ctype.o
 .note.GNU-stack
                0x00000000        0x0 ../../static_lib/libefuse.verify.a(verifymain.o)
 .note.GNU-stack
                0x00000000        0x0 ../../static_lib/libefuse.verify.a(cache_v7.o)
 .note.GNU-stack
                0x00000000        0x0 ../../static_lib/libefuse.verify.a(mcp.o)
 .note.GNU-stack
                0x00000000        0x0 ../../static_lib/libefuse.verify.a(timer.o)
 .note.GNU-stack
                0x00000000        0x0 ../../static_lib/libefuse.verify.a(util.o)
 .note.GNU-stack
                0x00000000        0x0 ../../static_lib/libefuse.verify.a(efuse.o)

Memory Configuration

Name             Origin             Length             Attributes
*default*        0x00000000         0xffffffff

Linker script and memory map

Address of section .text set to 0x1610000
LOAD temp_target_array.o
LOAD start.o
LOAD strlen.o
LOAD strstr.o
LOAD strtoul.o
LOAD ctype.o
LOAD ../../static_lib/libefuse.verify.a
LOAD /home/carolhsu/nas/svn/bootcode_20160801/tmp/asdk-4.9.3-a53-EL-3.10-g2.19-a32nt-150615/bin/../lib/gcc/arm-linux-gnueabi/4.9.3/armv8-a/libgcc.a
                0x00010000                PROVIDE (__executable_start, 0x10000)
                0x00010094                . = (0x10000 + SIZEOF_HEADERS)

.interp
 *(.interp)

.note.gnu.build-id
 *(.note.gnu.build-id)

.hash
 *(.hash)

.gnu.hash
 *(.gnu.hash)

.dynsym
 *(.dynsym)

.dynstr
 *(.dynstr)

.gnu.version
 *(.gnu.version)

.gnu.version_d
 *(.gnu.version_d)

.gnu.version_r
 *(.gnu.version_r)

.rel.dyn        0x00010094        0x0
 *(.rel.init)
 *(.rel.text .rel.text.* .rel.gnu.linkonce.t.*)
 *(.rel.fini)
 *(.rel.rodata .rel.rodata.* .rel.gnu.linkonce.r.*)
 *(.rel.data.rel.ro .rel.data.rel.ro.* .rel.gnu.linkonce.d.rel.ro.*)
 *(.rel.data .rel.data.* .rel.gnu.linkonce.d.*)
 *(.rel.tdata .rel.tdata.* .rel.gnu.linkonce.td.*)
 *(.rel.tbss .rel.tbss.* .rel.gnu.linkonce.tb.*)
 *(.rel.ctors)
 *(.rel.dtors)
 *(.rel.got)
 *(.rel.bss .rel.bss.* .rel.gnu.linkonce.b.*)
                0x00010094                PROVIDE (__rel_iplt_start, .)
 *(.rel.iplt)
 .rel.iplt      0x00000000        0x0 start.o
                0x00010094                PROVIDE (__rel_iplt_end, .)

.rela.dyn       0x00010094        0x0
 *(.rela.init)
 *(.rela.text .rela.text.* .rela.gnu.linkonce.t.*)
 *(.rela.fini)
 *(.rela.rodata .rela.rodata.* .rela.gnu.linkonce.r.*)
 *(.rela.data .rela.data.* .rela.gnu.linkonce.d.*)
 *(.rela.tdata .rela.tdata.* .rela.gnu.linkonce.td.*)
 *(.rela.tbss .rela.tbss.* .rela.gnu.linkonce.tb.*)
 *(.rela.ctors)
 *(.rela.dtors)
 *(.rela.got)
 *(.rela.bss .rela.bss.* .rela.gnu.linkonce.b.*)
                0x00010094                PROVIDE (__rela_iplt_start, .)
 *(.rela.iplt)
                0x00010094                PROVIDE (__rela_iplt_end, .)

.rel.plt
 *(.rel.plt)

.rela.plt
 *(.rela.plt)

.init
 *(SORT(.init))

.plt
 *(.plt)

.iplt           0x00010094        0x0
 *(.iplt)
 .iplt          0x00000000        0x0 start.o

.text           0x01610000     0x241c
 *(.text.unlikely .text.*_unlikely .text.unlikely.*)
 *(.text.exit .text.exit.*)
 *(.text.startup .text.startup.*)
 *(.text.hot .text.hot.*)
 *(.text .stub .text.* .gnu.linkonce.t.*)
 .text          0x01610000        0x0 temp_target_array.o
 .text          0x01610000       0x74 start.o
                0x01610000                _back_addr
                0x01610004                _stack_start
                0x01610008                _stack_start1
 .text          0x01610074       0x28 strlen.o
                0x01610074                strlen
 .text          0x0161009c       0xa0 strstr.o
                0x0161009c                strstr
 .text          0x0161013c      0x194 strtoul.o
                0x0161013c                strtoul
 .text          0x016102d0        0x0 ctype.o
 .text          0x016102d0      0x430 ../../static_lib/libefuse.verify.a(verifymain.o)
                0x016102d0                ctrlc
                0x016102d8                printf
                0x016102e8                memcpy
                0x0161030c                memcmp
                0x01610364                do_verify
                0x01610644                do_go_exec
                0x01610658                verifymain
 .text          0x01610700      0x218 ../../static_lib/libefuse.verify.a(cache_v7.o)
                0x016107e4                invalidate_icache_all
                0x016107fc                __v7_outer_cache_enable
                0x016107fc                v7_outer_cache_enable
                0x01610800                v7_outer_cache_disable
                0x01610800                __v7_outer_cache_disable
                0x01610804                __v7_outer_cache_flush_all
                0x01610804                v7_outer_cache_flush_all
                0x01610808                flush_dcache_all
                0x0161081c                v7_outer_cache_inval_all
                0x0161081c                __v7_outer_cache_inval_all
                0x01610820                invalidate_dcache_all
                0x01610834                arm_init_before_mmu
                0x01610864                v7_outer_cache_flush_range
                0x01610864                __v7_outer_cache_flush_range
                0x01610868                flush_dcache_range
                0x016108a4                flush_cache
                0x016108ac                __v7_outer_cache_inval_range
                0x016108ac                v7_outer_cache_inval_range
                0x016108b0                invalidate_dcache_range
 .text          0x01610918      0xc04 ../../static_lib/libefuse.verify.a(mcp.o)
                0x01610ac4                swap_endian
                0x01610acc                reverse_rsa_signature
                0x01610d3c                AES_CBC_decrypt
                0x01610dcc                AES_CBC_encrypt
                0x01610e5c                AES_ECB_decrypt
                0x01610ef0                AES_ECB_encrypt
                0x01610fdc                AES_hash_one
                0x0161104c                AES_hash
                0x016111a4                SHA1_hash
                0x01611270                do_RSA
                0x016113ec                SHA256_hash
                0x016114f4                reverse_signature
 .text          0x0161151c      0x168 ../../static_lib/libefuse.verify.a(timer.o)
                0x0161151c                InitTimer
                0x01611574                DisableTimer
                0x016115a0                SystemTimeout
                0x016115d0                mdelay
                0x0161162c                udelay
 .text          0x01611684      0x4c8 ../../static_lib/libefuse.verify.a(util.o)
                0x01611684                sync
                0x016116a0                init_uart
                0x016116f4                set_focus_uart
                0x0161171c                prints
                0x01611784                wait_done
                0x016117e4                print_val
                0x01611834                print_hex
                0x0161183c                sys_dcache_flush_all
                0x01611840                put_char
                0x01611864                hexstr2int
                0x01611870                simple_malloc
                0x016118c4                is_hex_digit
                0x016118f8                hexdump
                0x016119a8                memset
                0x016119cc                set_memory
                0x016119e8                copy_memory
                0x01611a84                compare_memory
                0x01611adc                compare_str
                0x01611b20                watchdog_reset
                0x01611b48                __div0
 .text          0x01611b4c      0x8d0 ../../static_lib/libefuse.verify.a(efuse.o)
                0x01611b4c                e_buffer
                0x01611d28                read_efuse
                0x01611dd8                OTP_JUDGE_BIT
                0x01611e08                do_burn_efuse_getmptest2
                0x01611e44                OTP_Program_Start
                0x01611e48                OTP_Program_End
                0x01611e88                start_program
                0x01611f34                do_burn_efuse_rsa
                0x01611f68                burn_id_test
                0x01611fcc                do_burn_efuse_aes
                0x01612038                do_burn_efuse_deviceID
                0x01612058                do_burn_efuse_secureboot
                0x01612080                do_burn_efuse_bootenc
                0x016120a8                do_burn_efuse_loadsos
                0x016120d0                do_burn_efuse_disonecore
                0x016120f8                do_burn_efuse_usb2sram
                0x01612120                do_burn_efuse_mptest2
                0x01612148                do_burn_efuse_keysel
                0x016121c4                do_burn_efuse_hwchk
                0x01612240                do_burn_efuse_all
                0x016122dc                OTP_Get_Word
                0x0161235c                OTP_Get_Byte
                0x016123b0                read_id_test
 *(.gnu.warning)
 *(.glue_7t)
 .glue_7t       0x00000000        0x0 linker stubs
 *(.glue_7)
 .glue_7        0x00000000        0x0 linker stubs
 *(.vfp11_veneer)
 .vfp11_veneer  0x00000000        0x0 linker stubs
 *(.v4_bx)
 .v4_bx         0x00000000        0x0 linker stubs

.fini
 *(SORT(.fini))
                0x0161241c                PROVIDE (__etext, .)
                0x0161241c                PROVIDE (_etext, .)
                0x0161241c                PROVIDE (etext, .)

.rodata         0x0161241c      0x598
 *(.rodata .rodata.* .gnu.linkonce.r.*)
 .rodata        0x0161241c      0x100 ctype.o
                0x0161241c                _ctype
 .rodata        0x0161251c       0x20 ../../static_lib/libefuse.verify.a(verifymain.o)
 .rodata.str1.4
                0x0161253c       0xd8 ../../static_lib/libefuse.verify.a(verifymain.o)
                                 0xdc (size before relaxing)
 .rodata        0x01612614       0x20 ../../static_lib/libefuse.verify.a(mcp.o)
                0x01612624                Kh_key_default
 .rodata.str1.4
                0x01612634       0x2c ../../static_lib/libefuse.verify.a(mcp.o)
 .rodata        0x01612660        0x8 ../../static_lib/libefuse.verify.a(util.o)
 .rodata.str1.4
                0x01612668       0x22 ../../static_lib/libefuse.verify.a(util.o)
                                 0x28 (size before relaxing)
 *fill*         0x0161268a        0x2 
 .rodata        0x0161268c       0x10 ../../static_lib/libefuse.verify.a(efuse.o)
 .rodata.str1.4
                0x0161269c      0x318 ../../static_lib/libefuse.verify.a(efuse.o)
                                0x320 (size before relaxing)

.rodata1
 *(.rodata1)

.ARM.extab
 *(.ARM.extab* .gnu.linkonce.armextab.*)
                0x016129b4                PROVIDE (__exidx_start, .)

.ARM.exidx
 *(.ARM.exidx* .gnu.linkonce.armexidx.*)
                0x016129b4                PROVIDE (__exidx_end, .)

.eh_frame_hdr
 *(.eh_frame_hdr)

.eh_frame
 *(.eh_frame)

.gcc_except_table
 *(.gcc_except_table .gcc_except_table.*)

.exception_ranges
 *(.exception_ranges .exception_ranges*)
                0x016129b4                . = (ALIGN (0x10000) - ((0x10000 - .) & 0xffff))
                0x016229b4                . = DATA_SEGMENT_ALIGN (0x10000, 0x1000)

.eh_frame
 *(.eh_frame)

.gcc_except_table
 *(.gcc_except_table .gcc_except_table.*)

.exception_ranges
 *(.exception_ranges .exception_ranges*)

.tdata
 *(.tdata .tdata.* .gnu.linkonce.td.*)

.tbss
 *(.tbss .tbss.* .gnu.linkonce.tb.*)
 *(.tcommon)

.preinit_array  0x016229b4        0x0
                0x016229b4                PROVIDE (__preinit_array_start, .)
 *(.preinit_array)
                0x016229b4                PROVIDE (__preinit_array_end, .)

.init_array     0x016229b4        0x0
                0x016229b4                PROVIDE (__init_array_start, .)
 *(SORT(.init_array.*))
 *(.init_array)
                0x016229b4                PROVIDE (__init_array_end, .)

.fini_array     0x016229b4        0x0
                0x016229b4                PROVIDE (__fini_array_start, .)
 *(SORT(.fini_array.*))
 *(.fini_array)
                0x016229b4                PROVIDE (__fini_array_end, .)

.ctors
 *crtbegin.o(.ctors)
 *crtbegin?.o(.ctors)
 *(EXCLUDE_FILE(*crtend?.o *crtend.o) .ctors)
 *(SORT(.ctors.*))
 *(.ctors)

.dtors
 *crtbegin.o(.dtors)
 *crtbegin?.o(.dtors)
 *(EXCLUDE_FILE(*crtend?.o *crtend.o) .dtors)
 *(SORT(.dtors.*))
 *(.dtors)

.jcr
 *(.jcr)

.data.rel.ro
 *(.data.rel.ro.local* .gnu.linkonce.d.rel.ro.local.*)
 *(.data.rel.ro .data.rel.ro.* .gnu.linkonce.d.rel.ro.*)

.dynamic
 *(.dynamic)
                0x016229b4                . = DATA_SEGMENT_RELRO_END (., 0x0)

.got            0x016229b4        0x0
 *(.got.plt)
 *(.igot.plt)
 .igot.plt      0x00000000        0x0 start.o
 *(.got)
 *(.igot)

.data           0x016229b4      0x294
                0x016229b4                PROVIDE (__data_start, .)
 *(.data .data.* .gnu.linkonce.d.*)
 .data          0x016229b4      0x118 temp_target_array.o
                0x016229b4                rsa_pub_key
                0x01622ab4                rsa_pub_key_end
                0x01622ab8                aes_key
                0x01622ac8                aes_key_end
 .data          0x01622acc        0x0 start.o
 .data          0x01622acc        0x0 strlen.o
 .data          0x01622acc        0x0 strstr.o
 .data          0x01622acc        0x0 strtoul.o
 .data          0x01622acc        0x0 ctype.o
 .data          0x01622acc        0x0 ../../static_lib/libefuse.verify.a(verifymain.o)
 .data          0x01622acc        0x0 ../../static_lib/libefuse.verify.a(cache_v7.o)
 .data          0x01622acc        0x0 ../../static_lib/libefuse.verify.a(mcp.o)
 .data          0x01622acc        0x0 ../../static_lib/libefuse.verify.a(timer.o)
 .data          0x01622acc        0x8 ../../static_lib/libefuse.verify.a(util.o)
 .data          0x01622ad4      0x174 ../../static_lib/libefuse.verify.a(efuse.o)
                0x01622ad4                arrayB
                0x01622ae4                arrayA
                0x01622af4                arrayC

.data1
 *(.data1)
                0x01622c48                _edata = .
                0x01622c48                PROVIDE (edata, .)
                0x01622c48                . = .
                0x01622c48                __bss_start = .
                0x01622c48                __bss_start__ = .

.bss            0x01622c48        0x8
 *(.dynbss)
 *(.bss .bss.* .gnu.linkonce.b.*)
 .bss           0x01622c48        0x0 temp_target_array.o
 .bss           0x01622c48        0x0 start.o
 .bss           0x01622c48        0x0 strlen.o
 .bss           0x01622c48        0x0 strstr.o
 .bss           0x01622c48        0x0 strtoul.o
 .bss           0x01622c48        0x0 ctype.o
 .bss           0x01622c48        0x0 ../../static_lib/libefuse.verify.a(verifymain.o)
 .bss           0x01622c48        0x0 ../../static_lib/libefuse.verify.a(cache_v7.o)
 .bss           0x01622c48        0x4 ../../static_lib/libefuse.verify.a(mcp.o)
                0x01622c48                mcp_dscpt_addr
 .bss           0x01622c4c        0x0 ../../static_lib/libefuse.verify.a(timer.o)
 .bss           0x01622c4c        0x4 ../../static_lib/libefuse.verify.a(util.o)
 .bss           0x01622c50        0x0 ../../static_lib/libefuse.verify.a(efuse.o)
 *(COMMON)
                0x01622c50                . = ALIGN ((. != 0x0)?0x4:0x1)
                0x01622c50                _bss_end__ = .
                0x01622c50                __bss_end__ = .
                0x01622c50                . = ALIGN (0x4)
                0x01622c50                . = SEGMENT_START ("ldata-segment", .)
                0x01622c50                . = ALIGN (0x4)
                0x01622c50                __end__ = .
                0x01622c50                _end = .
                0x01622c50                PROVIDE (end, .)
                0x01622c50                . = DATA_SEGMENT_END (.)

.stab
 *(.stab)

.stabstr
 *(.stabstr)

.stab.excl
 *(.stab.excl)

.stab.exclstr
 *(.stab.exclstr)

.stab.index
 *(.stab.index)

.stab.indexstr
 *(.stab.indexstr)

.comment        0x00000000       0x41
 *(.comment)
 .comment       0x00000000       0x41 strlen.o
                                 0x42 (size before relaxing)
 .comment       0x00000000       0x42 strstr.o
 .comment       0x00000000       0x42 strtoul.o
 .comment       0x00000000       0x42 ctype.o
 .comment       0x00000000       0x42 ../../static_lib/libefuse.verify.a(verifymain.o)
 .comment       0x00000000       0x42 ../../static_lib/libefuse.verify.a(cache_v7.o)
 .comment       0x00000000       0x42 ../../static_lib/libefuse.verify.a(mcp.o)
 .comment       0x00000000       0x42 ../../static_lib/libefuse.verify.a(timer.o)
 .comment       0x00000000       0x42 ../../static_lib/libefuse.verify.a(util.o)
 .comment       0x00000000       0x42 ../../static_lib/libefuse.verify.a(efuse.o)

.ARM.attributes
                0x00000000       0x33
 .ARM.attributes
                0x00000000       0x25 temp_target_array.o
 .ARM.attributes
                0x00000025       0x25 start.o
 .ARM.attributes
                0x0000004a       0x3a strlen.o
 .ARM.attributes
                0x00000084       0x3a strstr.o
 .ARM.attributes
                0x000000be       0x3a strtoul.o
 .ARM.attributes
                0x000000f8       0x3a ctype.o
 .ARM.attributes
                0x00000132       0x3a ../../static_lib/libefuse.verify.a(verifymain.o)
 .ARM.attributes
                0x0000016c       0x3a ../../static_lib/libefuse.verify.a(cache_v7.o)
 .ARM.attributes
                0x000001a6       0x3a ../../static_lib/libefuse.verify.a(mcp.o)
 .ARM.attributes
                0x000001e0       0x3a ../../static_lib/libefuse.verify.a(timer.o)
 .ARM.attributes
                0x0000021a       0x3a ../../static_lib/libefuse.verify.a(util.o)
 .ARM.attributes
                0x00000254       0x3a ../../static_lib/libefuse.verify.a(efuse.o)

.debug
 *(.debug)

.line
 *(.line)

.debug_srcinfo
 *(.debug_srcinfo)

.debug_sfnames
 *(.debug_sfnames)

.debug_aranges  0x00000000      0x158
 *(.debug_aranges)
 .debug_aranges
                0x00000000       0x20 start.o
 .debug_aranges
                0x00000020       0x20 strlen.o
 .debug_aranges
                0x00000040       0x20 strstr.o
 .debug_aranges
                0x00000060       0x20 strtoul.o
 .debug_aranges
                0x00000080       0x18 ctype.o
 .debug_aranges
                0x00000098       0x20 ../../static_lib/libefuse.verify.a(verifymain.o)
 .debug_aranges
                0x000000b8       0x20 ../../static_lib/libefuse.verify.a(cache_v7.o)
 .debug_aranges
                0x000000d8       0x20 ../../static_lib/libefuse.verify.a(mcp.o)
 .debug_aranges
                0x000000f8       0x20 ../../static_lib/libefuse.verify.a(timer.o)
 .debug_aranges
                0x00000118       0x20 ../../static_lib/libefuse.verify.a(util.o)
 .debug_aranges
                0x00000138       0x20 ../../static_lib/libefuse.verify.a(efuse.o)

.debug_pubnames
 *(.debug_pubnames)

.debug_info     0x00000000     0x522d
 *(.debug_info .gnu.linkonce.wi.*)
 .debug_info    0x00000000       0x75 start.o
 .debug_info    0x00000075       0xab strlen.o
 .debug_info    0x00000120       0xcb strstr.o
 .debug_info    0x000001eb      0x148 strtoul.o
 .debug_info    0x00000333       0x52 ctype.o
 .debug_info    0x00000385      0xc35 ../../static_lib/libefuse.verify.a(verifymain.o)
 .debug_info    0x00000fba      0x8f9 ../../static_lib/libefuse.verify.a(cache_v7.o)
 .debug_info    0x000018b3     0x1447 ../../static_lib/libefuse.verify.a(mcp.o)
 .debug_info    0x00002cfa      0x2ef ../../static_lib/libefuse.verify.a(timer.o)
 .debug_info    0x00002fe9      0xd54 ../../static_lib/libefuse.verify.a(util.o)
 .debug_info    0x00003d3d     0x14f0 ../../static_lib/libefuse.verify.a(efuse.o)

.debug_abbrev   0x00000000     0x14d1
 *(.debug_abbrev)
 .debug_abbrev  0x00000000       0x14 start.o
 .debug_abbrev  0x00000014       0x74 strlen.o
 .debug_abbrev  0x00000088       0x83 strstr.o
 .debug_abbrev  0x0000010b       0xc0 strtoul.o
 .debug_abbrev  0x000001cb       0x45 ctype.o
 .debug_abbrev  0x00000210      0x38a ../../static_lib/libefuse.verify.a(verifymain.o)
 .debug_abbrev  0x0000059a      0x27b ../../static_lib/libefuse.verify.a(cache_v7.o)
 .debug_abbrev  0x00000815      0x40d ../../static_lib/libefuse.verify.a(mcp.o)
 .debug_abbrev  0x00000c22      0x13f ../../static_lib/libefuse.verify.a(timer.o)
 .debug_abbrev  0x00000d61      0x376 ../../static_lib/libefuse.verify.a(util.o)
 .debug_abbrev  0x000010d7      0x3fa ../../static_lib/libefuse.verify.a(efuse.o)

.debug_line     0x00000000     0x1028
 *(.debug_line .debug_line.* .debug_line_end)
 .debug_line    0x00000000       0x50 start.o
 .debug_line    0x00000050       0x3a strlen.o
 .debug_line    0x0000008a       0x59 strstr.o
 .debug_line    0x000000e3       0xdd strtoul.o
 .debug_line    0x000001c0       0x28 ctype.o
 .debug_line    0x000001e8      0x1ce ../../static_lib/libefuse.verify.a(verifymain.o)
 .debug_line    0x000003b6      0x1d9 ../../static_lib/libefuse.verify.a(cache_v7.o)
 .debug_line    0x0000058f      0x4b6 ../../static_lib/libefuse.verify.a(mcp.o)
 .debug_line    0x00000a45      0x119 ../../static_lib/libefuse.verify.a(timer.o)
 .debug_line    0x00000b5e      0x18e ../../static_lib/libefuse.verify.a(util.o)
 .debug_line    0x00000cec      0x33c ../../static_lib/libefuse.verify.a(efuse.o)

.debug_frame    0x00000000      0x958
 *(.debug_frame)
 .debug_frame   0x00000000       0x20 strlen.o
 .debug_frame   0x00000020       0x30 strstr.o
 .debug_frame   0x00000050       0x34 strtoul.o
 .debug_frame   0x00000084       0xd4 ../../static_lib/libefuse.verify.a(verifymain.o)
 .debug_frame   0x00000158      0x130 ../../static_lib/libefuse.verify.a(cache_v7.o)
 .debug_frame   0x00000288      0x240 ../../static_lib/libefuse.verify.a(mcp.o)
 .debug_frame   0x000004c8       0x78 ../../static_lib/libefuse.verify.a(timer.o)
 .debug_frame   0x00000540      0x1b0 ../../static_lib/libefuse.verify.a(util.o)
 .debug_frame   0x000006f0      0x268 ../../static_lib/libefuse.verify.a(efuse.o)

.debug_str      0x00000000      0xee7
 *(.debug_str)
 .debug_str     0x00000000      0x1b6 strlen.o
                                0x1e6 (size before relaxing)
 .debug_str     0x000001b6       0x10 strstr.o
                                0x1e6 (size before relaxing)
 .debug_str     0x000001c6       0x33 strtoul.o
                                0x209 (size before relaxing)
 .debug_str     0x000001f9       0x11 ctype.o
                                0x17c (size before relaxing)
 .debug_str     0x0000020a      0x1fe ../../static_lib/libefuse.verify.a(verifymain.o)
                                0x3b1 (size before relaxing)
 .debug_str     0x00000408      0x2f9 ../../static_lib/libefuse.verify.a(cache_v7.o)
                                0x51b (size before relaxing)
 .debug_str     0x00000701      0x1c9 ../../static_lib/libefuse.verify.a(mcp.o)
                                0x4ab (size before relaxing)
 .debug_str     0x000008ca       0x83 ../../static_lib/libefuse.verify.a(timer.o)
                                0x259 (size before relaxing)
 .debug_str     0x0000094d      0x26d ../../static_lib/libefuse.verify.a(util.o)
                                0x54f (size before relaxing)
 .debug_str     0x00000bba      0x32d ../../static_lib/libefuse.verify.a(efuse.o)
                                0x5b1 (size before relaxing)

.debug_loc      0x00000000     0x3982
 *(.debug_loc)
 .debug_loc     0x00000000       0x5b strlen.o
 .debug_loc     0x0000005b       0xa5 strstr.o
 .debug_loc     0x00000100      0x1ed strtoul.o
 .debug_loc     0x000002ed      0x787 ../../static_lib/libefuse.verify.a(verifymain.o)
 .debug_loc     0x00000a74      0x513 ../../static_lib/libefuse.verify.a(cache_v7.o)
 .debug_loc     0x00000f87     0x168a ../../static_lib/libefuse.verify.a(mcp.o)
 .debug_loc     0x00002611      0x17e ../../static_lib/libefuse.verify.a(timer.o)
 .debug_loc     0x0000278f      0x672 ../../static_lib/libefuse.verify.a(util.o)
 .debug_loc     0x00002e01      0xb81 ../../static_lib/libefuse.verify.a(efuse.o)

.debug_macinfo
 *(.debug_macinfo)

.debug_weaknames
 *(.debug_weaknames)

.debug_funcnames
 *(.debug_funcnames)

.debug_typenames
 *(.debug_typenames)

.debug_varnames
 *(.debug_varnames)

.debug_pubtypes
 *(.debug_pubtypes)

.debug_ranges   0x00000000      0x618
 *(.debug_ranges)
 .debug_ranges  0x00000000       0x30 ../../static_lib/libefuse.verify.a(cache_v7.o)
 .debug_ranges  0x00000030      0x420 ../../static_lib/libefuse.verify.a(mcp.o)
 .debug_ranges  0x00000450       0x88 ../../static_lib/libefuse.verify.a(timer.o)
 .debug_ranges  0x000004d8       0x68 ../../static_lib/libefuse.verify.a(util.o)
 .debug_ranges  0x00000540       0xd8 ../../static_lib/libefuse.verify.a(efuse.o)

.debug_macro
 *(.debug_macro)

.gnu.attributes
 *(.gnu.attributes)

.note.gnu.arm.ident
 *(.note.gnu.arm.ident)

/DISCARD/
 *(.note.GNU-stack)
 *(.gnu_debuglink)
 *(.gnu.lto_*)
OUTPUT(/home/carolhsu/nas/svn/bootcode_20160801/uboot/examples/efuse_verify/out/efuse_verify elf32-littlearm)
